 Square of num :4.0 is 16.0
 Square of num :3.0 is 9.0
 Square of num :2.0 is 4.0
 Square of num :1.0 is 1.0
